<?xml version="1.0" encoding="utf-8"?><testsuites name="pytest tests"><testsuite name="pytest" errors="0" failures="0" skipped="0" tests="500" time="307.921" timestamp="2026-08-27T22:23:10.862039+00:00" hostname="runnervmgx7h7"><testcase classname="test.test_benchmarking" name="test_benchmark_jax_function_reports_synchronized_stats" time="0.315" /><testcase classname="test.test_benchmarking" name="test_benchmark_jax_function_validates_iterations" time="0.025" /><testcase classname="test.test_benchmarking" name="test_jax_hlo_accepts_call_kwargs" time="0.013" /><testcase classname="test.test_benchmarking" name="test_memory_stats_handles_unsupported_backend" time="0.000" /><testcase classname="test.test_benchmarking" name="test_precision_benchmark_reports_accuracy_speed_and_memory" time="0.093" /><testcase classname="test.test_benchmarking" name="test_precision_benchmark_restores_setting_after_failure[False]" time="0.058" /><testcase classname="test.test_benchmarking" name="test_precision_benchmark_restores_setting_after_failure[True]" time="0.057" /><testcase classname="test.test_circuits" name="test_gate_direct_constructor_keeps_legacy_field_order" time="0.377" /><testcase classname="test.test_circuits" name="test_unitary_simulation" time="2.300" /><testcase classname="test.test_circuits" name="test_hamiltonian_simulation" time="2.349" /><testcase classname="test.test_circuits" name="test_local_unitary_matches_promoted_layer" time="2.066" /><testcase classname="test.test_circuits" name="test_local_unitary_density_matrix_matches_promoted_layer" time="1.459" /><testcase classname="test.test_circuits" name="test_batched_local_unitary_matches_vmap" time="1.094" /><testcase classname="test.test_circuits" name="test_local_unitary_is_jittable_and_differentiable" time="0.376" /><testcase classname="test.test_circuits" name="test_local_unitary_accepts_sparse_initial_state" time="0.900" /><testcase classname="test.test_circuits" name="test_empty_circuit_preserves_sparse_result_batch" time="0.972" /><testcase classname="test.test_circuits" name="test_local_oscillator_channels_match_promoted_maps" time="6.625" /><testcase classname="test.test_circuits" name="test_generic_local_kraus_supports_noncontiguous_targets[0.13]" time="1.212" /><testcase classname="test.test_circuits" name="test_generic_local_kraus_supports_noncontiguous_targets[probability1]" time="0.748" /><testcase classname="test.test_circuits" name="test_direct_channels_are_jittable_and_differentiable" time="0.540" /><testcase classname="test.test_circuits" name="test_final_only_simulation_preserves_result" time="0.371" /><testcase classname="test.test_circuits" name="test_repeated_simulation_matches_unrolled_kraus_circuit" time="2.078" /><testcase classname="test.test_circuits" name="test_repeated_expectations_match_analytic_qubit_rotation" time="0.253" /><testcase classname="test.test_circuits" name="test_empty_circuit_expectations_without_initial_state" time="0.033" /><testcase classname="test.test_circuits" name="test_public_direct_channel_helpers_match_kraus_fallbacks" time="1.865" /><testcase classname="test.test_circuits" name="test_apply_channel_uses_direct_and_kraus_paths" time="2.069" /><testcase classname="test.test_circuits" name="test_apply_channel_targets_nontrailing_density_axes" time="1.407" /><testcase classname="test.test_circuits" name="test_apply_channel_supports_batched_parameters" time="2.562" /><testcase classname="test.test_circuits" name="test_thermal_qubit_kraus_supports_batched_parameters" time="0.540" /><testcase classname="test.test_circuits" name="test_direct_dephasing_reset_matches_promoted_map" time="2.514" /><testcase classname="test.test_circuits" name="test_dephasing_reset_supports_batched_probabilities_and_endpoints" time="0.887" /><testcase classname="test.test_circuits" name="test_conditional_displacements_reuse_exact_inverse" time="0.752" /><testcase classname="test.test_circuits" name="test_direct_channel_kraus_maps_are_lazy_and_preserved_by_copy" time="0.384" /><testcase classname="test.test_circuits" name="test_thermal_kraus_constructor_matches_matrix_power_reference" time="0.686" /><testcase classname="test.test_circuits" name="test_dephasing_reset_probability_endpoints[0.0]" time="2.119" /><testcase classname="test.test_circuits" name="test_dephasing_reset_probability_endpoints[1.0]" time="0.008" /><testcase classname="test.test_circuits" name="test_channel_order_validation_and_large_truncation" time="0.409" /><testcase classname="test.test_circuits" name="test_direct_qubit_channels_match_promoted_maps[gate0]" time="1.672" /><testcase classname="test.test_circuits" name="test_direct_qubit_channels_match_promoted_maps[gate1]" time="0.925" /><testcase classname="test.test_circuits" name="test_direct_qubit_channels_match_promoted_maps[gate2]" time="0.093" /><testcase classname="test.test_circuits" name="test_direct_qubit_channels_match_promoted_maps[gate3]" time="0.008" /><testcase classname="test.test_circuits" name="test_direct_qubit_channels_match_promoted_maps[gate4]" time="0.045" /><testcase classname="test.test_circuits" name="test_direct_qubit_channels_match_promoted_maps[gate5]" time="0.527" /><testcase classname="test.test_circuits" name="test_direct_qubit_channels_match_promoted_maps[gate6]" time="0.007" /><testcase classname="test.test_circuits" name="test_direct_qubit_channels_match_promoted_maps[gate7]" time="0.224" /><testcase classname="test.test_circuits" name="test_direct_qubit_channels_match_promoted_maps[gate8]" time="0.062" /><testcase classname="test.test_circuits" name="test_direct_qubit_channels_match_promoted_maps[gate9]" time="0.008" /><testcase classname="test.test_circuits" name="test_direct_qubit_channels_are_jittable_and_differentiable" time="0.903" /><testcase classname="test.test_circuits" name="test_local_hamiltonian_and_lindblad_match_promoted_solvers" time="7.649" /><testcase classname="test.test_codes.TestBosonicQubit" name="test_bosonic_qubit_initialization" time="0.001" /><testcase classname="test.test_codes.TestBosonicQubit" name="test_bosonic_qubit_name_property" time="0.178" /><testcase classname="test.test_codes.TestBosonicQubit" name="test_bosonic_qubit_params_validation" time="0.003" /><testcase classname="test.test_codes.TestBosonicQubit" name="test_bosonic_qubit_common_gates" time="0.003" /><testcase classname="test.test_codes.TestBosonicQubit" name="test_bosonic_qubit_basis_states" time="0.003" /><testcase classname="test.test_codes.TestBosonicQubit" name="test_bosonic_qubit_pauli_gates" time="0.005" /><testcase classname="test.test_codes.TestBosonicQubit" name="test_bosonic_qubit_projector" time="0.029" /><testcase classname="test.test_codes.TestBosonicQubit" name="test_bosonic_qubit_maximally_mixed_state" time="0.070" /><testcase classname="test.test_codes.TestBosonicQubit" name="test_bosonic_qubit_jqt2qt" time="0.003" /><testcase classname="test.test_codes.TestBosonicQubit" name="test_bosonic_qubit_hamiltonian_properties" time="0.003" /><testcase classname="test.test_codes.TestBosonicQubit" name="test_bosonic_qubit_gen_pauli_u_gate_path" time="0.005" /><testcase classname="test.test_codes.TestBosonicQubit" name="test_bosonic_qubit_hadamard_gate" time="0.043" /><testcase classname="test.test_codes.TestBosonicQubit" name="test_bosonic_qubit_prepare_state_plot" time="0.003" /><testcase classname="test.test_codes.TestBosonicQubit" name="test_bosonic_qubit_plot_single" time="1.503" /><testcase classname="test.test_codes.TestBosonicQubit" name="test_bosonic_qubit_plot_code_states" time="2.037" /><testcase classname="test.test_codes.TestBosonicQubit" name="test_bosonic_qubit_plot_code_states_qfunc" time="0.003" /><testcase classname="test.test_codes.TestBosonicQubit" name="test_bosonic_qubit_plot_methods" time="0.390" /><testcase classname="test.test_codes.TestBosonicQubit" name="test_bosonic_qubit_error_handling" time="0.056" /><testcase classname="test.test_codes.TestBosonicQubit" name="test_bosonic_qubit_gen_pauli_u_hamiltonian_path" time="0.272" /><testcase classname="test.test_codes.TestBosonicQubit" name="test_bosonic_qubit_plot_with_custom_axes" time="0.152" /><testcase classname="test.test_codes.TestBosonicQubit" name="test_bosonic_qubit_plot_single_with_custom_axes" time="0.251" /><testcase classname="test.test_codes.TestBosonicQubit" name="test_bosonic_qubit_plot_code_states_with_custom_axes" time="1.813" /><testcase classname="test.test_codes.TestBosonicQubit" name="test_bosonic_qubit_error_handling_edge_cases" time="0.004" /><testcase classname="test.test_codes.TestBosonicQubit" name="test_bosonic_qubit_initialization_assertion_coverage" time="0.003" /><testcase classname="test.test_codes.TestQubit" name="test_qubit_initialization" time="0.003" /><testcase classname="test.test_codes.TestQubit" name="test_qubit_basis_states" time="0.112" /><testcase classname="test.test_codes.TestQubit" name="test_qubit_pauli_gates" time="0.004" /><testcase classname="test.test_codes.TestQubit" name="test_qubit_orthogonality" time="0.038" /><testcase classname="test.test_codes.TestQubit" name="test_qubit_plot_method" time="0.138" /><testcase classname="test.test_codes.TestBosonicMode" name="test_bosonic_mode_initialization" time="0.206" /><testcase classname="test.test_codes.TestBosonicMode" name="test_bosonic_mode_basis_states" time="0.030" /><testcase classname="test.test_codes.TestCatQubit" name="test_cat_qubit_initialization" time="1.513" /><testcase classname="test.test_codes.TestCatQubit" name="test_cat_qubit_custom_params" time="0.230" /><testcase classname="test.test_codes.TestCatQubit" name="test_cat_qubit_squeezed_states_match_paper_definition" time="0.955" /><testcase classname="test.test_codes.TestCatQubit" name="test_cat_qubit_rejects_invalid_delta" time="0.001" /><testcase classname="test.test_codes.TestCatQubit" name="test_cat_qubit_basis_states" time="0.099" /><testcase classname="test.test_codes.TestCatQubit" name="test_cat_qubit_non_device_params" time="0.016" /><testcase classname="test.test_codes.TestBinomialQubit" name="test_binomial_qubit_initialization" time="1.761" /><testcase classname="test.test_codes.TestBinomialQubit" name="test_binomial_qubit_custom_params" time="0.386" /><testcase classname="test.test_codes.TestBinomialQubit" name="test_binomial_qubit_basis_states" time="0.833" /><testcase classname="test.test_codes.TestBinomialQubit" name="test_binomial_qubit_parameter_combinations" time="1.299" /><testcase classname="test.test_codes.TestGKPQubit" name="test_gkp_qubit_initialization" time="0.474" /><testcase classname="test.test_codes.TestGKPQubit" name="test_gkp_qubit_custom_params" time="1.380" /><testcase classname="test.test_codes.TestGKPQubit" name="test_gkp_qubit_common_gates" time="0.252" /><testcase classname="test.test_codes.TestGKPQubit" name="test_gkp_qubit_basis_states" time="0.067" /><testcase classname="test.test_codes.TestGKPQubit" name="test_gkp_qubit_parameter_validation" time="0.067" /><testcase classname="test.test_codes.TestHexagonalGKPQubit" name="test_hexagonal_gkp_qubit_initialization" time="0.021" /><testcase classname="test.test_codes.TestHexagonalGKPQubit" name="test_hexagonal_gkp_qubit_basis_states" time="0.017" /><testcase classname="test.test_codes.TestSquareGKPQubit" name="test_square_gkp_qubit_initialization" time="0.020" /><testcase classname="test.test_codes.TestSquareGKPQubit" name="test_square_gkp_qubit_basis_states" time="0.017" /><testcase classname="test.test_codes.TestRectangularGKPQubit" name="test_rectangular_gkp_qubit_initialization" time="0.020" /><testcase classname="test.test_codes.TestRectangularGKPQubit" name="test_rectangular_gkp_qubit_custom_params" time="0.018" /><testcase classname="test.test_codes.TestRectangularGKPQubit" name="test_rectangular_gkp_qubit_basis_states" time="0.016" /><testcase classname="test.test_codes.TestCodesIntegration" name="test_all_code_types_initialization" time="0.120" /><testcase classname="test.test_codes.TestCodesIntegration" name="test_code_state_orthogonality" time="0.231" /><testcase classname="test.test_codes.TestCodesIntegration" name="test_code_gate_consistency" time="0.044" /><testcase classname="test.test_codes.TestCodesIntegration" name="test_code_parameter_validation" time="0.056" /><testcase classname="test.test_core_misc" name="test_conversions" time="1.146" /><testcase classname="test.test_core_misc" name="test_overlap" time="0.774" /><testcase classname="test.test_core_misc" name="test_device" time="0.001" /><testcase classname="test.test_core_misc" name="test_comb" time="0.211" /><testcase classname="test.test_core_misc" name="test_iso_transforms" time="0.541" /><testcase classname="test.test_core_misc" name="test_misc_operators" time="0.845" /><testcase classname="test.test_core_solvers" name="test_sesolve" time="1.800" /><testcase classname="test.test_core_solvers" name="test_sesolve_batch" time="1.535" /><testcase classname="test.test_core_solvers" name="test_sesolve_edge_cases" time="0.945" /><testcase classname="test.test_core_solvers" name="test_sesolve_save_final_only" time="2.489" /><testcase classname="test.test_core_solvers" name="test_native_diffrax_solver_options" time="1.987" /><testcase classname="test.test_core_solvers" name="test_solver_option_defaults" time="0.001" /><testcase classname="test.test_core_solvers" name="test_progress_meter_options" time="0.001" /><testcase classname="test.test_core_solvers" name="test_optional_diffrax_options_are_forwarded" time="0.021" /><testcase classname="test.test_core_solvers" name="test_legacy_solver_options_warn_and_match_native_options" time="4.264" /><testcase classname="test.test_core_solvers" name="test_sesolve_result_saveat_and_gradients" time="8.273" /><testcase classname="test.test_core_solvers" name="test_mesolve_result_matches_states" time="2.340" /><testcase classname="test.test_core_solvers" name="test_propagator_forwards_solver_options" time="0.859" /><testcase classname="test.test_core_solvers" name="test_mesolve_batch" time="4.094" /><testcase classname="test.test_core_solvers" name="test_mesolve" time="2.093" /><testcase classname="test.test_core_solvers" name="test_mesolve_edge_cases" time="1.132" /><testcase classname="test.test_core_solvers" name="test_sesolve_scalar_H" time="2.042" /><testcase classname="test.test_core_solvers" name="test_mesolve_scalar_H" time="2.663" /><testcase classname="test.test_core_solvers" name="test_sesolve_sparse_ket" time="2.516" /><testcase classname="test.test_core_solvers" name="test_mesolve_sparse_dm" time="2.713" /><testcase classname="test.test_core_solvers" name="test_mesolve_sparse_dia_dm" time="1.989" /><testcase classname="test.test_device_wavefunctions" name="test_harmonic_oscillator_wavefunctions_match_scipy" time="0.747" /><testcase classname="test.test_device_wavefunctions" name="test_harmonic_oscillator_wavefunction_level_edges" time="0.277" /><testcase classname="test.test_device_wavefunctions" name="test_harmonic_oscillator_wavefunctions_are_jittable_and_differentiable" time="1.528" /><testcase classname="test.test_device_wavefunctions" name="test_fock_wavefunctions_match_scipy_and_support_jax_transforms" time="2.897" /><testcase classname="test.test_device_wavefunctions" name="test_charge_wavefunctions_match_loop_and_support_jax_transforms" time="2.968" /><testcase classname="test.test_devices" name="test_device_hamiltonian_uses_truncated_eigenvalues" time="1.638" /><testcase classname="test.test_devices" name="test_full_ops_diagonalizes_once" time="0.154" /><testcase classname="test.test_devices" name="test_transmon_hamiltonian_builds_operators_once" time="0.005" /><testcase classname="test.test_devices" name="test_device_hamiltonians_build_operator_dictionary_once" time="0.157" /><testcase classname="test.test_devices" name="test_full_ops_match_direct_basis_transform" time="0.090" /><testcase classname="test.test_devices" name="test_basis_transform_supports_vectors_and_column_stacks" time="0.496" /><testcase classname="test.test_devices" name="test_device_hamiltonian_is_jittable_and_batchable" time="0.295" /><testcase classname="test.test_devices" name="test_batched_device_basis_transform_helpers" time="0.781" /><testcase classname="test.test_devices" name="test_transmon_wavefunctions_match_loop_and_diagonalize_once" time="0.788" /><testcase classname="test.test_measurement" name="test_reconstruct_density_matrix" time="0.738" /><testcase classname="test.test_measurement" name="test_parametrize_density_matrix" time="0.265" /><testcase classname="test.test_measurement" name="test_L1_reg" time="0.062" /><testcase classname="test.test_measurement" name="test_overlap" time="0.064" /><testcase classname="test.test_measurement" name="test_fidelity" time="0.337" /><testcase classname="test.test_measurement" name="test_quantum_state_tomography_direct" time="0.148" /><testcase classname="test.test_measurement" name="test_quantum_state_tomography_mle" time="0.643" /><testcase classname="test.test_measurement" name="test_tensor_basis" time="0.662" /><testcase classname="test.test_new_qarray" name="test_version" time="0.001" /><testcase classname="test.test_new_qarray" name="test_implementation_types" time="1.384" /><testcase classname="test.test_new_qarray" name="test_conversion_between_implementations" time="1.211" /><testcase classname="test.test_new_qarray" name="test_internal_results_do_not_repeat_public_tidy" time="0.123" /><testcase classname="test.test_new_qarray" name="test_scalar_operator_arithmetic_is_jittable[QarrayImplType.DENSE]" time="0.716" /><testcase classname="test.test_new_qarray" name="test_scalar_operator_arithmetic_is_jittable[QarrayImplType.SPARSE_BCOO]" time="2.070" /><testcase classname="test.test_new_qarray" name="test_scalar_operator_arithmetic_is_jittable[QarrayImplType.SPARSE_DIA]" time="0.596" /><testcase classname="test.test_new_qarray" name="test_scalar_operator_arithmetic_is_differentiable" time="0.337" /><testcase classname="test.test_new_qarray" name="test_reshape_qdims_preserves_implementation[QarrayImplType.DENSE]" time="0.017" /><testcase classname="test.test_new_qarray" name="test_reshape_qdims_preserves_implementation[QarrayImplType.SPARSE_BCOO]" time="0.575" /><testcase classname="test.test_new_qarray" name="test_reshape_qdims_preserves_implementation[QarrayImplType.SPARSE_DIA]" time="0.234" /><testcase classname="test.test_new_qarray" name="test_reshape_bdims_preserves_implementation[QarrayImplType.DENSE]" time="0.116" /><testcase classname="test.test_new_qarray" name="test_reshape_bdims_preserves_implementation[QarrayImplType.SPARSE_BCOO]" time="1.190" /><testcase classname="test.test_new_qarray" name="test_reshape_bdims_preserves_implementation[QarrayImplType.SPARSE_DIA]" time="0.396" /><testcase classname="test.test_new_qarray" name="test_dense_operator_norm_matches_singular_values_under_jit" time="0.210" /><testcase classname="test.test_new_qarray" name="test_implementation_preservation" time="1.749" /><testcase classname="test.test_new_qarray" name="test_mixed_implementation_operations" time="0.262" /><testcase classname="test.test_new_qarray" name="test_backward_compatibility_basic" time="0.315" /><testcase classname="test.test_new_qarray" name="test_backward_compatibility_properties" time="0.537" /><testcase classname="test.test_new_qarray" name="test_backward_compatibility_math" time="0.182" /><testcase classname="test.test_new_qarray" name="test_backward_compatibility_tensor" time="0.332" /><testcase classname="test.test_new_qarray" name="test_sparse_creation_and_operations" time="3.073" /><testcase classname="test.test_new_qarray" name="test_sparse_fallback_operations" time="0.134" /><testcase classname="test.test_new_qarray" name="test_sparse_eigenoperations" time="0.136" /><testcase classname="test.test_new_qarray" name="test_sparse_tensor_operations" time="0.749" /><testcase classname="test.test_new_qarray" name="test_sparse_memory_efficiency" time="1.820" /><testcase classname="test.test_new_qarray" name="test_error_handling" time="0.002" /><testcase classname="test.test_new_qarray" name="test_sparse_error_handling" time="0.009" /><testcase classname="test.test_new_qarray" name="test_sparse_new_operations" time="0.615" /><testcase classname="test.test_new_qarray" name="test_sparse_dag_performance" time="2.030" /><testcase classname="test.test_new_qarray" name="test_sparse_batched_operations" time="1.080" /><testcase classname="test.test_new_qarray" name="test_basic_performance" time="3.294" /><testcase classname="test.test_qarray" name="test_version" time="0.001" /><testcase classname="test.test_qarray" name="test_qarray_creation" time="0.401" /><testcase classname="test.test_qarray" name="test_qarray_properties" time="0.004" /><testcase classname="test.test_qarray" name="test_qarray_basic_math_add" time="1.789" /><testcase classname="test.test_qarray" name="test_qarray_basic_math_sub" time="0.424" /><testcase classname="test.test_qarray" name="test_qarray_basic_math_mul" time="0.347" /><testcase classname="test.test_qarray" name="test_qarray_basic_math_matmul" time="0.009" /><testcase classname="test.test_qarray" name="test_qarray_basic_math_tensor" time="0.568" /><testcase classname="test.test_qarray" name="test_qarray_basic_math_pow" time="0.036" /><testcase classname="test.test_qarray" name="test_eigh" time="1.594" /><testcase classname="test.test_qarray" name="test_norm_unit" time="1.552" /><testcase classname="test.test_qarray" name="test_dims" time="0.003" /><testcase classname="test.test_qarray" name="test_qtype" time="0.002" /><testcase classname="test.test_qp_distributions" name="test_qfunc_grid_is_initialized_from_coordinates" time="0.285" /><testcase classname="test.test_qp_distributions" name="test_wigner_coherent_state" time="1.363" /><testcase classname="test.test_qp_distributions" name="test_husimi_coherent_state" time="0.473" /><testcase classname="test.test_qp_distributions" name="test_wigner_density_matrix" time="0.208" /><testcase classname="test.test_qp_distributions" name="test_wigner_mixed_state" time="0.201" /><testcase classname="test.test_qp_distributions" name="test_wigner_fock_state_zero" time="0.467" /><testcase classname="test.test_qp_distributions" name="test_husimi_fock_state_zero" time="0.210" /><testcase classname="test.test_qp_distributions" name="test_wigner_coherent_state_value" time="0.804" /><testcase classname="test.test_qp_distributions" name="test_husimi_coherent_state_value" time="0.156" /><testcase classname="test.test_sbs" name="test_legacy_sbs_import_reexports_public_api" time="0.001" /><testcase classname="test.test_sbs" name="test_noisy_cd_is_complete_and_has_native_ideal_limit" time="3.950" /><testcase classname="test.test_sbs" name="test_direct_noisy_cd_matches_kraus_map[False]" time="3.459" /><testcase classname="test.test_sbs" name="test_direct_noisy_cd_matches_kraus_map[True]" time="0.151" /><testcase classname="test.test_sbs" name="test_direct_reset_matches_kraus_map" time="3.394" /><testcase classname="test.test_sbs" name="test_cd_population_can_differ_from_idle_population" time="3.013" /><testcase classname="test.test_sbs" name="test_zero_temperature_noise_matches_thermal_channel" time="2.844" /><testcase classname="test.test_sbs" name="test_half_round_matches_manual_ideal_sequence" time="7.101" /><testcase classname="test.test_sbs" name="test_segment_dephasing_uses_coherence_time[1]" time="4.712" /><testcase classname="test.test_sbs" name="test_segment_dephasing_uses_coherence_time[4]" time="2.205" /><testcase classname="test.test_sbs" name="test_shared_cat_protocol_matches_native_ideal_round" time="4.798" /><testcase classname="test.test_sbs" name="test_cat_protocol_alternates_displacement_direction" time="7.865" /><testcase classname="test.test_sbs" name="test_measured_cat_device_round_time" time="0.001" /><testcase classname="test.test_sbs" name="test_july30_gkp_parameters_match_experiment" time="0.001" /><testcase classname="test.test_sbs" name="test_gkp_protocol_supports_experimental_four_way_control" time="3.330" /><testcase classname="test.test_sbs" name="test_gkp_protocol_accepts_per_cd_thermalization" time="2.346" /><testcase classname="test.test_sbs" name="test_gkp_problem_supports_both_logical_axes" time="0.217" /><testcase classname="test.test_sbs" name="test_prepared_protocol_reuses_cd_geometry" time="0.617" /><testcase classname="test.test_sbs" name="test_error_budget_subtracts_baseline_and_reports_context" time="3.676" /><testcase classname="test.test_sbs" name="test_batched_error_budget_matches_sequential" time="5.687" /><testcase classname="test.test_sbs" name="test_single_decay_variant_matches_direct_simulation" time="1.233" /><testcase classname="test.test_sbs" name="test_batched_alternating_protocol_matches_sequential" time="5.550" /><testcase classname="test.test_sbs" name="test_decay_fit_floor_excludes_low_signal_tail" time="0.001" /><testcase classname="test.test_sbs" name="test_half_round_validates_structure[kwargs0-three displacements]" time="0.002" /><testcase classname="test.test_sbs" name="test_half_round_validates_structure[kwargs1-four rotations]" time="0.001" /><testcase classname="test.test_sbs" name="test_half_round_validates_structure[kwargs2-microsteps]" time="0.001" /><testcase classname="test.test_sbs" name="test_half_round_validates_structure[kwargs3-jump_samples]" time="0.001" /><testcase classname="test.test_sbs" name="test_half_round_validates_structure[kwargs4-max_loss]" time="0.001" /><testcase classname="test.test_sbs" name="test_half_round_validates_structure[kwargs5-max_reset]" time="0.001" /><testcase classname="test.test_sbs" name="test_half_round_validates_structure[kwargs6-storage_placement]" time="0.001" /><testcase classname="test.test_sbs" name="test_simulate_sbs_rejects_negative_cycles" time="0.004" /><testcase classname="test.test_sparse_bcoo_backend.TestSparseEye" name="test_identity_values" time="0.178" /><testcase classname="test.test_sparse_bcoo_backend.TestSparseEye" name="test_shape" time="0.149" /><testcase classname="test.test_sparse_bcoo_backend.TestSparseEye" name="test_is_sparse_impl" time="0.146" /><testcase classname="test.test_sparse_bcoo_backend.TestSparseEye" name="test_stores_n_entries" time="0.118" /><testcase classname="test.test_sparse_bcoo_backend.TestSparseTrace" name="test_trace_diagonal" time="0.144" /><testcase classname="test.test_sparse_bcoo_backend.TestSparseTrace" name="test_trace_off_diagonal_ignored" time="0.068" /><testcase classname="test.test_sparse_bcoo_backend.TestSparseTrace" name="test_trace_complex" time="0.208" /><testcase classname="test.test_sparse_bcoo_backend.TestSparseTrace" name="test_trace_zero_matrix" time="0.279" /><testcase classname="test.test_sparse_bcoo_backend.TestSparseTrace" name="test_trace_identity" time="0.065" /><testcase classname="test.test_sparse_bcoo_backend.TestSparseTrace" name="test_trace_matches_dense" time="0.523" /><testcase classname="test.test_sparse_bcoo_backend.TestSparseTrace" name="test_trace_batched_1d" time="0.325" /><testcase classname="test.test_sparse_bcoo_backend.TestSparseTrace" name="test_trace_batched_off_diag_ignored" time="0.249" /><testcase classname="test.test_sparse_bcoo_backend.TestSparseTrace" name="test_trace_batched_complex" time="0.376" /><testcase classname="test.test_sparse_bcoo_backend.TestSparseKeepDiagImpl" name="test_diagonal_preserved" time="0.047" /><testcase classname="test.test_sparse_bcoo_backend.TestSparseKeepDiagImpl" name="test_off_diagonal_zeroed" time="0.159" /><testcase classname="test.test_sparse_bcoo_backend.TestSparseKeepDiagImpl" name="test_returns_sparse_impl" time="0.004" /><testcase classname="test.test_sparse_bcoo_backend.TestSparseKeepDiagImpl" name="test_indices_unchanged" time="0.065" /><testcase classname="test.test_sparse_bcoo_backend.TestSparseKeepDiagImpl" name="test_complex_diagonal_preserved" time="0.005" /><testcase classname="test.test_sparse_bcoo_backend.TestSparseL2Norm" name="test_non_batched_ket" time="0.238" /><testcase classname="test.test_sparse_bcoo_backend.TestSparseL2Norm" name="test_non_batched_zero_ket" time="0.097" /><testcase classname="test.test_sparse_bcoo_backend.TestSparseL2Norm" name="test_non_batched_matches_jnp_norm" time="0.147" /><testcase classname="test.test_sparse_bcoo_backend.TestSparseL2Norm" name="test_batched_1d_ket" time="0.372" /><testcase classname="test.test_sparse_bcoo_backend.TestSparseL2Norm" name="test_batched_complex" time="0.421" /><testcase classname="test.test_sparse_bcoo_backend.TestSparseL2Norm" name="test_non_batched_unit_vector" time="0.187" /><testcase classname="test.test_sparse_bcoo_backend.TestSparseTidyUp" name="test_large_values_preserved" time="0.030" /><testcase classname="test.test_sparse_bcoo_backend.TestSparseTidyUp" name="test_small_values_zeroed" time="0.068" /><testcase classname="test.test_sparse_bcoo_backend.TestSparseTidyUp" name="test_real_imag_filtered_independently" time="0.088" /><testcase classname="test.test_sparse_bcoo_backend.TestSparseTidyUp" name="test_preserves_sparse_type" time="0.038" /><testcase classname="test.test_sparse_bcoo_backend.TestSparseTidyUp" name="test_tidy_up_direct" time="0.006" /><testcase classname="test.test_sparse_bcoo_backend.TestFromSparse" name="test_from_bcoo_directly" time="0.044" /><testcase classname="test.test_sparse_bcoo_backend.TestFromSparse" name="test_from_sparse_dims_inferred" time="0.004" /><testcase classname="test.test_sparse_bcoo_backend.TestFromSparse" name="test_from_sparse_explicit_dims" time="0.004" /><testcase classname="test.test_sparse_bcoo_backend.TestFromSparse" name="test_from_sparse_round_trip" time="0.084" /><testcase classname="test.test_sparse_bcoo_backend.TestSparseEquality" name="test_sparse_equals_itself" time="0.065" /><testcase classname="test.test_sparse_bcoo_backend.TestSparseEquality" name="test_sparse_equals_copy" time="0.039" /><testcase classname="test.test_sparse_bcoo_backend.TestSparseEquality" name="test_sparse_not_equal_different_data" time="0.007" /><testcase classname="test.test_sparse_bcoo_backend.TestSparseEquality" name="test_sparse_eq_different_dims_false" time="0.007" /><testcase classname="test.test_sparse_bcoo_backend.TestSparseEquality" name="test_to_sparse_idempotent" time="0.004" /><testcase classname="test.test_sparse_bcoo_backend.TestSparseEquality" name="test_sparse_dense_cross_equality" time="0.005" /><testcase classname="test.test_sparse_bcoo_backend.TestSparseScalarAddSub" name="test_scalar_add_stays_sparse" time="0.065" /><testcase classname="test.test_sparse_bcoo_backend.TestSparseScalarAddSub" name="test_scalar_radd_stays_sparse" time="0.005" /><testcase classname="test.test_sparse_bcoo_backend.TestSparseScalarAddSub" name="test_scalar_sub_stays_sparse" time="0.030" /><testcase classname="test.test_sparse_bcoo_backend.TestSparseScalarAddSub" name="test_scalar_rsub_stays_sparse" time="0.033" /><testcase classname="test.test_sparse_bcoo_backend.TestSparseScalarAddSub" name="test_scalar_add_correct_value" time="0.036" /><testcase classname="test.test_sparse_bcoo_backend.TestSparseScalarAddSub" name="test_scalar_sub_correct_value" time="0.007" /><testcase classname="test.test_sparse_bcoo_backend.TestSparseScalarAddSub" name="test_zero_add_is_noop" time="0.032" /><testcase classname="test.test_sparse_bcoo_backend.TestSparseScalarAddSub" name="test_complex_scalar_add_stays_sparse" time="0.005" /><testcase classname="test.test_sparse_bcoo_backend.TestSparseScalarAddSub" name="test_neg_scalar_sub_stays_sparse" time="0.005" /><testcase classname="test.test_sparse_bcoo_backend.TestSparseScalarAddSub" name="test_scalar_add_large_sparse" time="2.427" /><testcase classname="test.test_sparse_bcoo_backend.TestTraceFn" name="test_tr_diagonal_sparse" time="0.032" /><testcase classname="test.test_sparse_bcoo_backend.TestTraceFn" name="test_tr_matches_dense" time="0.069" /><testcase classname="test.test_sparse_bcoo_backend.TestTraceFn" name="test_tr_complex_sparse" time="0.005" /><testcase classname="test.test_sparse_bcoo_backend.TestTraceFn" name="test_tr_method_sparse" time="0.004" /><testcase classname="test.test_sparse_bcoo_backend.TestTraceFn" name="test_tr_identity_sparse" time="0.273" /><testcase classname="test.test_sparse_bcoo_backend.TestTraceFn" name="test_tr_num_operator" time="0.761" /><testcase classname="test.test_sparse_bcoo_backend.TestTraceFn" name="test_tr_off_diagonal_not_counted" time="0.213" /><testcase classname="test.test_sparse_bcoo_backend.TestTraceFn" name="test_tr_batched_sparse" time="0.059" /><testcase classname="test.test_sparse_bcoo_backend.TestTraceFn" name="test_trace_alias" time="0.004" /><testcase classname="test.test_sparse_bcoo_backend.TestKeepDiagFn" name="test_sparse_stays_sparse" time="0.056" /><testcase classname="test.test_sparse_bcoo_backend.TestKeepDiagFn" name="test_correct_values" time="0.080" /><testcase classname="test.test_sparse_bcoo_backend.TestKeepDiagFn" name="test_off_diag_zeroed" time="0.006" /><testcase classname="test.test_sparse_bcoo_backend.TestKeepDiagFn" name="test_complex_diagonal_preserved" time="0.006" /><testcase classname="test.test_sparse_bcoo_backend.TestKeepDiagFn" name="test_num_operator_keeps_diagonal" time="0.663" /><testcase classname="test.test_sparse_bcoo_backend.TestKeepDiagFn" name="test_dense_unchanged" time="0.082" /><testcase classname="test.test_sparse_bcoo_backend.TestNormFn" name="test_norm_ket_sparse" time="0.065" /><testcase classname="test.test_sparse_bcoo_backend.TestNormFn" name="test_norm_ket_sparse_matches_dense" time="0.093" /><testcase classname="test.test_sparse_bcoo_backend.TestNormFn" name="test_norm_bra_sparse" time="0.064" /><testcase classname="test.test_sparse_bcoo_backend.TestNormFn" name="test_norm_basis_sparse" time="0.295" /><testcase classname="test.test_sparse_bcoo_backend.TestNormFn" name="test_unit_sparse_ket" time="0.032" /><testcase classname="test.test_sparse_bcoo_backend.TestNormFn" name="test_norm_batched_sparse_ket" time="0.078" /><testcase classname="test.test_sparse_bcoo_backend.TestNormFn" name="test_norm_identity_sparse" time="0.004" /><testcase classname="test.test_sparse_bcoo_backend.TestNormFn" name="test_norm_density_matrix_sparse" time="0.138" /><testcase classname="test.test_sparse_bcoo_backend.TestNormFn" name="test_norm_oper_sparse_matches_dense" time="0.005" /><testcase classname="test.test_sparse_bcoo_backend.TestNormFn" name="test_norm_num_operator_sparse" time="0.290" /><testcase classname="test.test_sparse_bcoo_backend.TestSparseOperators" name="test_destroy" time="0.041" /><testcase classname="test.test_sparse_bcoo_backend.TestSparseOperators" name="test_destroy_string_impl" time="0.065" /><testcase classname="test.test_sparse_bcoo_backend.TestSparseOperators" name="test_create" time="0.041" /><testcase classname="test.test_sparse_bcoo_backend.TestSparseOperators" name="test_num" time="0.084" /><testcase classname="test.test_sparse_bcoo_backend.TestSparseOperators" name="test_identity" time="0.006" /><testcase classname="test.test_sparse_bcoo_backend.TestSparseOperators" name="test_identity_like" time="0.043" /><testcase classname="test.test_sparse_bcoo_backend.TestSparseOperators" name="test_basis" time="0.103" /><testcase classname="test.test_sparse_bcoo_backend.TestSparseOperators" name="test_defaults_still_dense" time="0.002" /><testcase classname="test.test_sparse_bcoo_backend.TestSparseOperators" name="test_ladder_commutation_sparse" time="0.656" /><testcase classname="test.test_sparse_bcoo_backend.TestSparseOperators" name="test_num_eigenvalues_sparse" time="0.118" /><testcase classname="test.test_sparse_bcoo_backend.TestGetitem" name="test_batched_sparse_getitem_stays_sparse" time="2.145" /><testcase classname="test.test_sparse_bcoo_backend.TestGetitem" name="test_batched_dense_getitem_stays_dense" time="0.044" /><testcase classname="test.test_sparse_bcoo_backend.TestGetitem" name="test_getitem_correct_values" time="0.057" /><testcase classname="test.test_sparse_bcoo_backend.TestGetitem" name="test_nonbatched_getitem_raises" time="0.004" /><testcase classname="test.test_sparse_bcoo_backend.TestFromListSparse" name="test_from_list_sparse_stays_sparse" time="0.435" /><testcase classname="test.test_sparse_bcoo_backend.TestFromListSparse" name="test_from_list_sparse_correct_values" time="0.117" /><testcase classname="test.test_sparse_bcoo_backend.TestFromListSparse" name="test_from_list_dense_unchanged" time="0.016" /><testcase classname="test.test_sparse_bcoo_backend.TestFromListSparse" name="test_from_list_empty_works" time="0.001" /><testcase classname="test.test_sparse_bcoo_backend.TestFromListSparse" name="test_from_list_mixed_promotes_to_dense" time="0.005" /><testcase classname="test.test_sparse_bcoo_backend.TestFromListSparse" name="test_from_list_mixed_correct_values" time="0.010" /><testcase classname="test.test_sparse_bcoo_backend.TestFromListSparse" name="test_from_list_all_sparse_stays_sparse" time="1.046" /><testcase classname="test.test_sparse_bcoo_backend.TestFromListSparse" name="test_from_list_preserves_bdims" time="0.250" /><testcase classname="test.test_sparse_bcoo_backend.TestTensorSparse" name="test_tensor_sparse_stays_sparse" time="0.284" /><testcase classname="test.test_sparse_bcoo_backend.TestTensorSparse" name="test_tensor_dense_stays_dense" time="0.002" /><testcase classname="test.test_sparse_bcoo_backend.TestTensorSparse" name="test_tensor_mixed_returns_dense" time="0.034" /><testcase classname="test.test_sparse_bcoo_backend.TestTensorSparse" name="test_tensor_parallel_all_sparse_stays_sparse" time="0.506" /><testcase classname="test.test_sparse_bcoo_backend.TestTensorSparse" name="test_tensor_parallel_all_dense_stays_dense" time="0.002" /><testcase classname="test.test_sparse_bcoo_backend.TestTensorSparse" name="test_tensor_parallel_mixed_returns_dense" time="0.006" /><testcase classname="test.test_sparse_bcoo_backend.TestTensorSparse" name="test_tensor_parallel_sparse_correct_values" time="0.692" /><testcase classname="test.test_sparse_bcoo_backend.TestTensorSparse" name="test_tensor_parallel_matches_non_parallel_sparse" time="0.304" /><testcase classname="test.test_sparse_bcoo_backend.TestTensorSparse" name="test_tensor_sparse_correct_values" time="0.195" /><testcase classname="test.test_sparse_bcoo_backend.TestTensorSparse" name="test_tensor_three_sparse" time="0.612" /><testcase classname="test.test_sparse_bcoo_backend.TestTensorSparse" name="test_tensor_no_densification" time="0.217" /><testcase classname="test.test_sparse_bcoo_backend.TestMatmulSparseDense" name="test_sparse_at_dense_returns_dense" time="0.076" /><testcase classname="test.test_sparse_bcoo_backend.TestMatmulSparseDense" name="test_dense_at_sparse_returns_dense" time="0.006" /><testcase classname="test.test_sparse_bcoo_backend.TestMatmulSparseDense" name="test_sparse_at_dense_correct_values" time="0.006" /><testcase classname="test.test_sparse_bcoo_backend.TestMatmulSparseDense" name="test_sparse_at_dense_large" time="0.606" /><testcase classname="test.test_sparse_bcoo_backend.TestDagDataDispatch" name="test_dense_array_returns_dense" time="0.001" /><testcase classname="test.test_sparse_bcoo_backend.TestDagDataDispatch" name="test_dense_dag_correct_values" time="0.001" /><testcase classname="test.test_sparse_bcoo_backend.TestDagDataDispatch" name="test_bcoo_returns_bcoo" time="0.084" /><testcase classname="test.test_sparse_bcoo_backend.TestDagDataDispatch" name="test_bcoo_dag_correct_values" time="0.006" /><testcase classname="test.test_sparse_bcoo_backend.TestDagDataDispatch" name="test_batched_dense_dag" time="0.130" /><testcase classname="test.test_sparse_bcoo_backend.TestDagDataDispatch" name="test_batched_bcoo_dag" time="0.281" /><testcase classname="test.test_sparse_bcoo_backend.TestDagDataDispatch" name="test_can_handle_data_dense" time="0.001" /><testcase classname="test.test_sparse_bcoo_backend.TestDagDataDispatch" name="test_can_handle_data_sparse" time="0.004" /><testcase classname="test.test_sparse_bcoo_backend.TestMesolveSparseCollapse" name="test_sparse_c_ops_run" time="1.430" /><testcase classname="test.test_sparse_bcoo_backend.TestMesolveSparseCollapse" name="test_sparse_c_ops_match_dense" time="1.991" /><testcase classname="test.test_sparse_bcoo_backend.TestMesolveSparseCollapse" name="test_sparse_c_ops_decay_to_ground" time="1.099" /><testcase classname="test.test_sparse_bcoo_backend.TestMesolveSparseCollapse" name="test_sparse_c_ops_c_ops_dag_precomputed" time="0.128" /><testcase classname="test.test_sparse_dia_backend.TestConstruction" name="test_from_dense_array" time="0.240" /><testcase classname="test.test_sparse_dia_backend.TestConstruction" name="test_from_sparse_dia_data" time="0.114" /><testcase classname="test.test_sparse_dia_backend.TestConstruction" name="test_from_diags_factory" time="0.082" /><testcase classname="test.test_sparse_dia_backend.TestConstruction" name="test_offsets_sorted" time="0.029" /><testcase classname="test.test_sparse_dia_backend.TestConstruction" name="test_shape" time="0.001" /><testcase classname="test.test_sparse_dia_backend.TestConstruction" name="test_memory_efficiency" time="0.001" /><testcase classname="test.test_sparse_dia_backend.TestConstruction" name="test_get_data_returns_sparse_dia_data" time="0.037" /><testcase classname="test.test_sparse_dia_backend.TestConversions" name="test_to_dense_destroy" time="0.003" /><testcase classname="test.test_sparse_dia_backend.TestConversions" name="test_to_dense_num" time="0.101" /><testcase classname="test.test_sparse_dia_backend.TestConversions" name="test_to_dense_roundtrip" time="0.174" /><testcase classname="test.test_sparse_dia_backend.TestConversions" name="test_to_sparse_bcoo_is_bcoo" time="0.005" /><testcase classname="test.test_sparse_dia_backend.TestConversions" name="test_to_sparse_dia_is_self" time="0.001" /><testcase classname="test.test_sparse_dia_backend.TestConversions" name="test_from_dense_impl_to_sparse_dia" time="0.002" /><testcase classname="test.test_sparse_dia_backend.TestDag" name="test_dag_destroy_equals_create" time="0.018" /><testcase classname="test.test_sparse_dia_backend.TestDag" name="test_dag_negates_offsets" time="0.002" /><testcase classname="test.test_sparse_dia_backend.TestDag" name="test_dag_no_densification" time="0.002" /><testcase classname="test.test_sparse_dia_backend.TestDag" name="test_dag_num_is_self" time="0.017" /><testcase classname="test.test_sparse_dia_backend.TestDag" name="test_dag_double" time="0.005" /><testcase classname="test.test_sparse_dia_backend.TestDag" name="test_dag_complex" time="0.017" /><testcase classname="test.test_sparse_dia_backend.TestMatmul" name="test_sparsedia_at_dense" time="0.146" /><testcase classname="test.test_sparse_dia_backend.TestMatmul" name="test_sparsedia_at_sparsedia" time="0.082" /><testcase classname="test.test_sparse_dia_backend.TestMatmul" name="test_sparsedia_at_sparsedia_a_adag" time="0.004" /><testcase classname="test.test_sparse_dia_backend.TestMatmul" name="test_matmul_result_stays_sparsedia" time="0.003" /><testcase classname="test.test_sparse_dia_backend.TestAddSub" name="test_add_two_sparsedia" time="0.159" /><testcase classname="test.test_sparse_dia_backend.TestAddSub" name="test_add_union_of_offsets" time="0.003" /><testcase classname="test.test_sparse_dia_backend.TestAddSub" name="test_sub" time="0.039" /><testcase classname="test.test_sparse_dia_backend.TestAddSub" name="test_add_same_offset" time="0.034" /><testcase classname="test.test_sparse_dia_backend.TestMul" name="test_scalar_mul" time="0.029" /><testcase classname="test.test_sparse_dia_backend.TestMul" name="test_scalar_mul_preserves_offsets" time="0.001" /><testcase classname="test.test_sparse_dia_backend.TestMul" name="test_neg" time="0.064" /><testcase classname="test.test_sparse_dia_backend.TestRealImagConj" name="test_real" time="0.054" /><testcase classname="test.test_sparse_dia_backend.TestRealImagConj" name="test_imag" time="0.057" /><testcase classname="test.test_sparse_dia_backend.TestRealImagConj" name="test_conj" time="0.031" /><testcase classname="test.test_sparse_dia_backend.TestSparseDiaDataArithmetic" name="test_mul" time="0.119" /><testcase classname="test.test_sparse_dia_backend.TestSparseDiaDataArithmetic" name="test_rmul" time="0.001" /><testcase classname="test.test_sparse_dia_backend.TestSparseDiaDataArithmetic" name="test_matmul_dense" time="0.002" /><testcase classname="test.test_sparse_dia_backend.TestSparseDiaDataArithmetic" name="test_rmatmul_dense" time="0.051" /><testcase classname="test.test_sparse_dia_backend.TestSparseDiaDataArithmetic" name="test_shape_property" time="0.026" /><testcase classname="test.test_sparse_dia_backend.TestSparseDiaDataArithmetic" name="test_dtype_property" time="0.001" /><testcase classname="test.test_sparse_dia_backend.TestKron" name="test_kron_identity_identity" time="0.422" /><testcase classname="test.test_sparse_dia_backend.TestKron" name="test_kron_destroy_identity" time="0.278" /><testcase classname="test.test_sparse_dia_backend.TestKron" name="test_kron_identity_destroy" time="0.060" /><testcase classname="test.test_sparse_dia_backend.TestKron" name="test_kron_stays_sparsedia" time="0.002" /><testcase classname="test.test_sparse_dia_backend.TestKron" name="test_kron_shape" time="0.002" /><testcase classname="test.test_sparse_dia_backend.TestTidyUp" name="test_tidy_up_zeros_small_values" time="0.139" /><testcase classname="test.test_sparse_dia_backend.TestTidyUp" name="test_tidy_up_preserves_format" time="0.001" /><testcase classname="test.test_sparse_dia_backend.TestTraceFrobenius" name="test_trace_num" time="0.001" /><testcase classname="test.test_sparse_dia_backend.TestTraceFrobenius" name="test_trace_off_diagonal" time="0.001" /><testcase classname="test.test_sparse_dia_backend.TestTraceFrobenius" name="test_frobenius_norm" time="0.117" /><testcase classname="test.test_sparse_dia_backend.TestEyeData" name="test_eye_data_shape" time="0.001" /><testcase classname="test.test_sparse_dia_backend.TestEyeData" name="test_eye_data_values" time="0.001" /><testcase classname="test.test_sparse_dia_backend.TestDispatch" name="test_can_handle_data_true_for_sparsediadata" time="0.001" /><testcase classname="test.test_sparse_dia_backend.TestDispatch" name="test_can_handle_data_false_for_dense" time="0.001" /><testcase classname="test.test_sparse_dia_backend.TestDispatch" name="test_dense_can_handle_excludes_sparsediadata" time="0.001" /><testcase classname="test.test_sparse_dia_backend.TestDispatch" name="test_dag_data_dispatch_sparsedia" time="0.003" /><testcase classname="test.test_sparse_dia_backend.TestQarrayAPI" name="test_create_with_sparse_dia" time="0.001" /><testcase classname="test.test_sparse_dia_backend.TestQarrayAPI" name="test_create_with_enum" time="0.001" /><testcase classname="test.test_sparse_dia_backend.TestQarrayAPI" name="test_from_sparse_dia" time="0.001" /><testcase classname="test.test_sparse_dia_backend.TestQarrayAPI" name="test_to_sparse_dia_from_dense" time="0.087" /><testcase classname="test.test_sparse_dia_backend.TestQarrayAPI" name="test_to_sparse_dia_idempotent" time="0.001" /><testcase classname="test.test_sparse_dia_backend.TestQarrayAPI" name="test_qarray_matmul_sparsedia_dense" time="0.138" /><testcase classname="test.test_sparse_dia_backend.TestQarrayAPI" name="test_scalar_add_works" time="0.273" /><testcase classname="test.test_sparse_dia_backend.TestOperators" name="test_destroy_sparse_dia" time="0.003" /><testcase classname="test.test_sparse_dia_backend.TestOperators" name="test_create_sparse_dia" time="0.003" /><testcase classname="test.test_sparse_dia_backend.TestOperators" name="test_num_sparse_dia" time="0.017" /><testcase classname="test.test_sparse_dia_backend.TestOperators" name="test_identity_sparse_dia" time="0.002" /><testcase classname="test.test_sparse_dia_backend.TestOperators" name="test_destroy_memory" time="0.002" /><testcase classname="test.test_sparse_dia_backend.TestOperators" name="test_sigmax_sparse_dia" time="0.204" /><testcase classname="test.test_sparse_dia_backend.TestOperators" name="test_sigmay_sparse_dia" time="0.054" /><testcase classname="test.test_sparse_dia_backend.TestOperators" name="test_sigmaz_sparse_dia" time="0.139" /><testcase classname="test.test_sparse_dia_backend.TestOperators" name="test_sigmap_sparse_dia" time="0.028" /><testcase classname="test.test_sparse_dia_backend.TestOperators" name="test_sigmam_sparse_dia" time="0.002" /><testcase classname="test.test_sparse_dia_backend.TestOperators" name="test_hadamard_sparse_dia" time="0.235" /><testcase classname="test.test_sparse_dia_backend.TestOperators" name="test_sigmax_no_leading_zeros_wrong" time="0.045" /><testcase classname="test.test_sparse_dia_backend.TestPromotion" name="test_sparsedia_plus_dense_gives_dense" time="0.003" /><testcase classname="test.test_sparse_dia_backend.TestPromotion" name="test_sparsedia_plus_sparsedia_gives_sparsedia" time="0.004" /><testcase classname="test.test_sparse_dia_backend.TestPromotion" name="test_promotion_order" time="0.000" /><testcase classname="test.test_sparse_dia_backend.TestMesolve" name="test_mesolve_sparsedia_hamiltonian" time="1.856" /><testcase classname="test.test_sparse_dia_backend.TestMesolve" name="test_mesolve_sparsedia_c_ops" time="2.335" /><testcase classname="test.test_sparse_dia_backend.TestBatchedSparseDIA" name="test_from_list_stays_sparsedia" time="0.147" /><testcase classname="test.test_sparse_dia_backend.TestBatchedSparseDIA" name="test_from_list_union_offsets" time="0.004" /><testcase classname="test.test_sparse_dia_backend.TestBatchedSparseDIA" name="test_from_list_no_densification" time="0.004" /><testcase classname="test.test_sparse_dia_backend.TestBatchedSparseDIA" name="test_from_list_correct_values" time="0.054" /><testcase classname="test.test_sparse_dia_backend.TestBatchedSparseDIA" name="test_batched_at_single_sparsedia" time="0.207" /><testcase classname="test.test_sparse_dia_backend.TestBatchedSparseDIA" name="test_batched_at_single_dense" time="0.302" /><testcase classname="test.test_sparse_dia_backend.TestBatchedSparseDIA" name="test_batched_add_single" time="0.271" /><testcase classname="test.test_sparse_dia_backend.TestBatchedSparseDIA" name="test_batched_dag" time="0.083" /><testcase classname="test.test_sparse_dia_backend.TestBatchedSparseDIA" name="test_batched_scalar_mul" time="0.112" /><testcase classname="test.test_sparse_dia_backend.TestBatchedSparseDIA" name="test_mesolve_c_ops_batched_sparsedia" time="2.495" /><testcase classname="test.test_sparse_dia_backend.TestDiaSlice" name="test_positive_offset" time="0.000" /><testcase classname="test.test_sparse_dia_backend.TestDiaSlice" name="test_negative_offset" time="0.000" /><testcase classname="test.test_sparse_dia_backend.TestDiaSlice" name="test_zero_offset" time="0.000" /><testcase classname="test.test_sparse_dia_backend.TestDiaSlice" name="test_complement_positive" time="0.000" /><testcase classname="test.test_sparse_dia_backend.TestDiaSlice" name="test_complement_negative" time="0.000" /><testcase classname="test.test_sparse_dia_backend.TestPowm" name="test_powm_zero_is_identity" time="0.004" /><testcase classname="test.test_sparse_dia_backend.TestPowm" name="test_powm_one_is_self" time="0.004" /><testcase classname="test.test_sparse_dia_backend.TestPowm" name="test_powm_two_matches_dense" time="0.004" /><testcase classname="test.test_sparse_dia_backend.TestPowm" name="test_powm_stays_sparsedia" time="0.052" /><testcase classname="test.test_sparse_dia_backend.TestPowm" name="test_powm_via_qarray" time="0.129" /><testcase classname="test.test_sparse_dia_backend.TestPowm" name="test_powm_negative_raises" time="0.002" /><testcase classname="test.test_sparse_dia_backend.TestPowm" name="test_powm_sparsedia_out_of_range_offsets_pruned" time="0.099" /><testcase classname="test.test_sweeps" name="test_run_jax_sweep_cartesian_product_is_jittable" time="0.117" /><testcase classname="test.test_sweeps" name="test_run_jax_sweep_parallel_supports_pytree_results_and_gradients" time="0.229" /><testcase classname="test.test_sweeps" name="test_run_jax_sweep_validates_inputs" time="0.001" /><testcase classname="test.test_vector_storage" name="test_create_1d_defaults_to_ket" time="0.031" /><testcase classname="test.test_vector_storage" name="test_create_legacy_column_is_ket" time="0.001" /><testcase classname="test.test_vector_storage" name="test_create_legacy_row_is_bra" time="0.030" /><testcase classname="test.test_vector_storage" name="test_create_qtype_text_ket_bra" time="0.001" /><testcase classname="test.test_vector_storage" name="test_create_qtype_on_legacy_column" time="0.001" /><testcase classname="test.test_vector_storage" name="test_create_square_oper_default" time="0.001" /><testcase classname="test.test_vector_storage" name="test_create_square_batched_ket_with_qtype_and_bdims" time="0.001" /><testcase classname="test.test_vector_storage" name="test_create_multimode_ket_flat_dims" time="0.032" /><testcase classname="test.test_vector_storage" name="test_create_incompatible_qtype_raises" time="0.001" /><testcase classname="test.test_vector_storage" name="test_invariant_no_trailing_singleton_on_common_ops" time="0.340" /><testcase classname="test.test_vector_storage" name="test_matmul_oper_ket" time="0.085" /><testcase classname="test.test_vector_storage" name="test_matmul_bra_oper" time="0.002" /><testcase classname="test.test_vector_storage" name="test_matmul_ket_bra_outer" time="0.039" /><testcase classname="test.test_vector_storage" name="test_matmul_bra_ket_inner" time="0.003" /><testcase classname="test.test_vector_storage" name="test_matmul_oper_oper" time="0.060" /><testcase classname="test.test_vector_storage" name="test_batched_oper_at_batched_ket" time="0.363" /><testcase classname="test.test_vector_storage" name="test_broadcast_single_oper_at_batched_ket" time="0.022" /><testcase classname="test.test_vector_storage" name="test_batched_oper_at_single_ket" time="0.109" /><testcase classname="test.test_vector_storage" name="test_batched_ket_outer_product" time="0.056" /><testcase classname="test.test_vector_storage" name="test_batched_inner_product" time="0.103" /><testcase classname="test.test_vector_storage" name="test_batched_add_sub_scalar_mul" time="0.232" /><testcase classname="test.test_vector_storage" name="test_oper_plus_scalar_stays_oper" time="0.057" /><testcase classname="test.test_vector_storage" name="test_from_list_of_kets_from_1d_and_legacy" time="0.002" /><testcase classname="test.test_vector_storage" name="test_from_list_qtype_kwarg" time="0.002" /><testcase classname="test.test_vector_storage" name="test_norm_and_unit_batched" time="0.431" /><testcase classname="test.test_vector_storage" name="test_eigenstates_are_kets" time="0.087" /><testcase classname="test.test_vector_storage" name="test_sesolve_round_trip_shapes" time="1.073" /><testcase classname="test.test_vector_storage" name="test_propagator_round_trip_shapes" time="1.169" /><testcase classname="test.test_vector_storage" name="test_tensor_of_kets_and_opers" time="0.039" /><testcase classname="test.test_vector_storage" name="test_overlap_and_fidelity" time="0.377" /><testcase classname="test.test_vector_storage" name="test_qutip_round_trip_values" time="0.075" /><testcase classname="test.test_visualization" name="test_plot_wigner" time="9.827" /><testcase classname="test.test_visualization" name="test_plot_husimi" time="4.995" /><testcase classname="test.test_visualization" name="test_plot_cf_wigner" time="7.767" /></testsuite></testsuites>